// Jest Snapshot v1, https://goo.gl/fbAQLP

exports[`keeps __DEV__ redefinition 1`] = `"const __DEV__ = !0;"`;

exports[`removes __DEV__ and process.env.NODE_ENV 1`] = `
"{
  console.log(\\"DEV MODE\\");
}

if (\\"development\\" === 'development') {
  console.log(\\"DEV MODE\\");
} else {
  console.log(\\"PROD MODE\\");
}"
`;

exports[`removes __DEV__ and process.env.NODE_ENV 2`] = `"console.log(\\"DEV MODE\\"), console.log(\\"DEV MODE\\");"`;

exports[`should pass over process.env.NODE_ENV redefinition 1`] = `"process.env.NODE_ENV = \\"production\\";"`;
